# serializer version: 1
# name: test_get_settings
  Settings(conf=RunConfig(app='main:application', host='127.0.0.1', port=8000, reload=False, workers=4), gunicorn=GunicornConfig(host='0.0.0.0', port=8000, workers=4, timeout=900), db=DataBase(url=MultiHostUrl('postgresql+asyncpg://symon:1234@db:5432/library'), echo=False, echo_pool=False, pool_size=50, max_overflow=10, naming_convention={'ix': 'ix_%(column_0_label)s', 'uq': 'uq_%(table_name)s_%(column_0_N_name)s', 'ck': 'ck_%(table_name)s_%(constraint_name)s', 'fk': 'fk_%(table_name)s_%(column_0_name)s_%(referred_table_name)s', 'pk': 'pk_%(table_name)s'}), logging=LoggingConfig(log_level='info', log_format='[%(asctime)s.%(msecs)03d] %(module)10s:%(lineno)-3d %(levelname)-7s - %(message)s\n#[%(levelname)s] [%(asctime)s] %(name)s: %(message)s [%(process)d]'), redis=RedisConfig(url=Url('redis://redis:6379/0'), host='redis', port=6379, db=0), api=ApiPrefix(prefix='/api', v1=ApiV1Prefix(prefix='/v1', books='/books')))
# ---
